Warning: You are sending unauthenticated requests to the HF Hub. Please set a HF_TOKEN to enable higher rate limits and faster downloads.
WARNING:huggingface_hub.utils._http:Warning: You are sending unauthenticated requests to the HF Hub. Please set a HF_TOKEN to enable higher rate limits and faster downloads.
[s6] CLIP ViT-L/14 loaded, dim=768, blur=0.0
[s6] extracting train: 80,000 images
    51,200/80,000  142 img/s
[s6] extracting val: 75,960 images
    51,200/75,960  477 img/s
[s6] extracting logo: 80,000 images
    51,200/80,000  150 img/s
[s6] ep01 loss=0.6865 val_auc=0.8990 LOGO_auc=0.8229
[s6] ep02 loss=0.6714 val_auc=0.9189 LOGO_auc=0.8350
[s6] ep03 loss=0.6571 val_auc=0.9235 LOGO_auc=0.8367
[s6] ep04 loss=0.6434 val_auc=0.9259 LOGO_auc=0.8375
[s6] ep05 loss=0.6303 val_auc=0.9276 LOGO_auc=0.8382
[s6] ep06 loss=0.6178 val_auc=0.9289 LOGO_auc=0.8390
[s6] ep07 loss=0.6058 val_auc=0.9300 LOGO_auc=0.8397
[s6] ep08 loss=0.5943 val_auc=0.9309 LOGO_auc=0.8406
[s6] ep09 loss=0.5833 val_auc=0.9319 LOGO_auc=0.8414
[s6] ep10 loss=0.5728 val_auc=0.9327 LOGO_auc=0.8422
[s6] ep11 loss=0.5628 val_auc=0.9335 LOGO_auc=0.8430
[s6] ep12 loss=0.5531 val_auc=0.9343 LOGO_auc=0.8438
[s6] ep13 loss=0.5439 val_auc=0.9350 LOGO_auc=0.8446
[s6] ep14 loss=0.5351 val_auc=0.9357 LOGO_auc=0.8455
[s6] ep15 loss=0.5266 val_auc=0.9364 LOGO_auc=0.8464
[s6] ep16 loss=0.5185 val_auc=0.9371 LOGO_auc=0.8472
[s6] ep17 loss=0.5107 val_auc=0.9378 LOGO_auc=0.8480
[s6] ep18 loss=0.5032 val_auc=0.9384 LOGO_auc=0.8488
[s6] ep19 loss=0.4960 val_auc=0.9390 LOGO_auc=0.8496
[s6] ep20 loss=0.4891 val_auc=0.9396 LOGO_auc=0.8503
[s6] ep21 loss=0.4824 val_auc=0.9402 LOGO_auc=0.8512
[s6] ep22 loss=0.4760 val_auc=0.9408 LOGO_auc=0.8520
[s6] ep23 loss=0.4698 val_auc=0.9413 LOGO_auc=0.8528
[s6] ep24 loss=0.4639 val_auc=0.9419 LOGO_auc=0.8536
[s6] ep25 loss=0.4582 val_auc=0.9424 LOGO_auc=0.8543
[s6] ep26 loss=0.4527 val_auc=0.9429 LOGO_auc=0.8551
[s6] ep27 loss=0.4473 val_auc=0.9434 LOGO_auc=0.8558
[s6] ep28 loss=0.4422 val_auc=0.9439 LOGO_auc=0.8566
[s6] ep29 loss=0.4372 val_auc=0.9444 LOGO_auc=0.8573
[s6] ep30 loss=0.4324 val_auc=0.9449 LOGO_auc=0.8580
[s6] ep31 loss=0.4278 val_auc=0.9454 LOGO_auc=0.8587
[s6] ep32 loss=0.4233 val_auc=0.9458 LOGO_auc=0.8594
[s6] ep33 loss=0.4190 val_auc=0.9463 LOGO_auc=0.8601
[s6] ep34 loss=0.4148 val_auc=0.9467 LOGO_auc=0.8608
[s6] ep35 loss=0.4107 val_auc=0.9472 LOGO_auc=0.8615
[s6] ep36 loss=0.4067 val_auc=0.9476 LOGO_auc=0.8622
[s6] ep37 loss=0.4029 val_auc=0.9480 LOGO_auc=0.8628
[s6] ep38 loss=0.3992 val_auc=0.9484 LOGO_auc=0.8635
[s6] ep39 loss=0.3956 val_auc=0.9488 LOGO_auc=0.8641
[s6] ep40 loss=0.3921 val_auc=0.9492 LOGO_auc=0.8648
[s6] ep41 loss=0.3887 val_auc=0.9496 LOGO_auc=0.8654
[s6] ep42 loss=0.3854 val_auc=0.9500 LOGO_auc=0.8661
[s6] ep43 loss=0.3822 val_auc=0.9504 LOGO_auc=0.8667
[s6] ep44 loss=0.3791 val_auc=0.9507 LOGO_auc=0.8673
[s6] ep45 loss=0.3760 val_auc=0.9511 LOGO_auc=0.8679
[s6] ep46 loss=0.3731 val_auc=0.9515 LOGO_auc=0.8685
[s6] ep47 loss=0.3702 val_auc=0.9518 LOGO_auc=0.8691
[s6] ep48 loss=0.3674 val_auc=0.9521 LOGO_auc=0.8697
[s6] ep49 loss=0.3647 val_auc=0.9525 LOGO_auc=0.8703
[s6] ep50 loss=0.3620 val_auc=0.9528 LOGO_auc=0.8708
[s6] ep51 loss=0.3594 val_auc=0.9531 LOGO_auc=0.8714
[s6] ep52 loss=0.3569 val_auc=0.9534 LOGO_auc=0.8720
[s6] ep53 loss=0.3544 val_auc=0.9538 LOGO_auc=0.8725
[s6] ep54 loss=0.3520 val_auc=0.9541 LOGO_auc=0.8731
[s6] ep55 loss=0.3497 val_auc=0.9544 LOGO_auc=0.8736
[s6] ep56 loss=0.3474 val_auc=0.9547 LOGO_auc=0.8742
[s6] ep57 loss=0.3451 val_auc=0.9550 LOGO_auc=0.8747
[s6] ep58 loss=0.3429 val_auc=0.9553 LOGO_auc=0.8753
[s6] ep59 loss=0.3408 val_auc=0.9556 LOGO_auc=0.8758
[s6] ep60 loss=0.3387 val_auc=0.9558 LOGO_auc=0.8764
[s6] ep61 loss=0.3367 val_auc=0.9561 LOGO_auc=0.8769
[s6] ep62 loss=0.3347 val_auc=0.9564 LOGO_auc=0.8774
[s6] ep63 loss=0.3327 val_auc=0.9567 LOGO_auc=0.8779
[s6] ep64 loss=0.3308 val_auc=0.9569 LOGO_auc=0.8785
[s6] ep65 loss=0.3289 val_auc=0.9572 LOGO_auc=0.8789
[s6] ep66 loss=0.3271 val_auc=0.9575 LOGO_auc=0.8794
[s6] ep67 loss=0.3253 val_auc=0.9577 LOGO_auc=0.8799
[s6] ep68 loss=0.3235 val_auc=0.9580 LOGO_auc=0.8804
[s6] ep69 loss=0.3218 val_auc=0.9582 LOGO_auc=0.8809
[s6] ep70 loss=0.3201 val_auc=0.9585 LOGO_auc=0.8814
[s6] ep71 loss=0.3184 val_auc=0.9587 LOGO_auc=0.8819
[s6] ep72 loss=0.3168 val_auc=0.9589 LOGO_auc=0.8823
[s6] ep73 loss=0.3152 val_auc=0.9592 LOGO_auc=0.8828
[s6] ep74 loss=0.3137 val_auc=0.9594 LOGO_auc=0.8833
[s6] ep75 loss=0.3121 val_auc=0.9596 LOGO_auc=0.8838
[s6] ep76 loss=0.3106 val_auc=0.9599 LOGO_auc=0.8842
[s6] ep77 loss=0.3091 val_auc=0.9601 LOGO_auc=0.8847
[s6] ep78 loss=0.3077 val_auc=0.9603 LOGO_auc=0.8851
[s6] ep79 loss=0.3062 val_auc=0.9605 LOGO_auc=0.8856
[s6] ep80 loss=0.3049 val_auc=0.9608 LOGO_auc=0.8861
[s6] ep81 loss=0.3035 val_auc=0.9610 LOGO_auc=0.8865
[s6] ep82 loss=0.3021 val_auc=0.9612 LOGO_auc=0.8869
[s6] ep83 loss=0.3008 val_auc=0.9614 LOGO_auc=0.8874
[s6] ep84 loss=0.2995 val_auc=0.9616 LOGO_auc=0.8878
[s6] ep85 loss=0.2982 val_auc=0.9618 LOGO_auc=0.8883
[s6] ep86 loss=0.2969 val_auc=0.9620 LOGO_auc=0.8887
[s6] ep87 loss=0.2957 val_auc=0.9622 LOGO_auc=0.8892
[s6] ep88 loss=0.2945 val_auc=0.9624 LOGO_auc=0.8896
[s6] ep89 loss=0.2933 val_auc=0.9626 LOGO_auc=0.8900
[s6] ep90 loss=0.2921 val_auc=0.9628 LOGO_auc=0.8904
[s6] ep91 loss=0.2909 val_auc=0.9630 LOGO_auc=0.8908
[s6] ep92 loss=0.2898 val_auc=0.9632 LOGO_auc=0.8912
[s6] ep93 loss=0.2887 val_auc=0.9633 LOGO_auc=0.8916
[s6] ep94 loss=0.2876 val_auc=0.9635 LOGO_auc=0.8920
[s6] ep95 loss=0.2865 val_auc=0.9637 LOGO_auc=0.8924
[s6] ep96 loss=0.2854 val_auc=0.9639 LOGO_auc=0.8928
[s6] ep97 loss=0.2843 val_auc=0.9641 LOGO_auc=0.8932
[s6] ep98 loss=0.2833 val_auc=0.9642 LOGO_auc=0.8936
[s6] ep99 loss=0.2823 val_auc=0.9644 LOGO_auc=0.8940
[s6] ep100 loss=0.2813 val_auc=0.9646 LOGO_auc=0.8944
[s6] ep101 loss=0.2803 val_auc=0.9648 LOGO_auc=0.8948
[s6] ep102 loss=0.2793 val_auc=0.9649 LOGO_auc=0.8952
[s6] ep103 loss=0.2783 val_auc=0.9651 LOGO_auc=0.8956
[s6] ep104 loss=0.2774 val_auc=0.9653 LOGO_auc=0.8959
[s6] ep105 loss=0.2764 val_auc=0.9654 LOGO_auc=0.8963
[s6] ep106 loss=0.2755 val_auc=0.9656 LOGO_auc=0.8966
[s6] ep107 loss=0.2746 val_auc=0.9657 LOGO_auc=0.8970
[s6] ep108 loss=0.2737 val_auc=0.9659 LOGO_auc=0.8974
[s6] ep109 loss=0.2728 val_auc=0.9661 LOGO_auc=0.8977
[s6] ep110 loss=0.2719 val_auc=0.9662 LOGO_auc=0.8981
[s6] ep111 loss=0.2710 val_auc=0.9664 LOGO_auc=0.8984
[s6] ep112 loss=0.2702 val_auc=0.9665 LOGO_auc=0.8988
[s6] ep113 loss=0.2693 val_auc=0.9667 LOGO_auc=0.8992
[s6] ep114 loss=0.2685 val_auc=0.9668 LOGO_auc=0.8995
[s6] ep115 loss=0.2677 val_auc=0.9670 LOGO_auc=0.8998
[s6] ep116 loss=0.2669 val_auc=0.9671 LOGO_auc=0.9001
[s6] ep117 loss=0.2661 val_auc=0.9673 LOGO_auc=0.9005
[s6] ep118 loss=0.2653 val_auc=0.9674 LOGO_auc=0.9008
[s6] ep119 loss=0.2645 val_auc=0.9675 LOGO_auc=0.9012
[s6] ep120 loss=0.2637 val_auc=0.9677 LOGO_auc=0.9015
{
  "train": {
    "auc": 0.9663527879251299,
    "ap": 0.9713884931134282,
    "n": 80000
  },
  "val": {
    "auc": 0.9676818706085175,
    "ap": 0.9678378201793175,
    "n": 75960
  },
  "logo": {
    "auc": 0.9014759278366998,
    "ap": 0.9122843435532012,
    "n": 80000
  }
}
[s6] -> /data/logs/probe_clean_v2.json
